[29-Sep-2026 19:32:03 UTC] PHP Fatal error:  Uncaught Error: Class "DSA\REST\CronSchedule" not found in C:\Users\Ahmed Aziz\Local Sites\dropshipping\app\public\wp-content\plugins\dropshipping-automation\src\REST\WorkflowsController.php:76
Stack trace:
#0 C:\Users\Ahmed Aziz\Local Sites\dropshipping\app\public\wp-includes\rest-api\class-wp-rest-server.php(1293): DSA\REST\WorkflowsController->get_workflows(Object(WP_REST_Request))
#1 C:\Users\Ahmed Aziz\Local Sites\dropshipping\app\public\wp-includes\rest-api\class-wp-rest-server.php(1126): WP_REST_Server->respond_to_request(Object(WP_REST_Request), '/dsa/v1/workflo...', Array, NULL)
#2 C:\Users\Ahmed Aziz\Local Sites\dropshipping\app\public\wp-includes\rest-api\class-wp-rest-server.php(441): WP_REST_Server->dispatch(Object(WP_REST_Request))
#3 C:\Users\Ahmed Aziz\Local Sites\dropshipping\app\public\wp-includes\rest-api.php(488): WP_REST_Server->serve_request('/dsa/v1/workflo...')
#4 C:\Users\Ahmed Aziz\Local Sites\dropshipping\app\public\wp-includes\class-wp-hook.php(353): rest_api_loaded(Object(WP))
#5 C:\Users\Ahmed Aziz\Local Sites\dropshipping\app\public\wp-includes\class-wp-hook.php(377): WP_Hook->apply_filters('', Array)
#6 C:\Users\Ahmed Aziz\Local Sites\dropshipping\app\public\wp-includes\plugin.php(571): WP_Hook->do_action(Array)
#7 C:\Users\Ahmed Aziz\Local Sites\dropshipping\app\public\wp-includes\class-wp.php(418): do_action_ref_array('parse_request', Array)
#8 C:\Users\Ahmed Aziz\Local Sites\dropshipping\app\public\wp-includes\class-wp.php(822): WP->parse_request('')
#9 C:\Users\Ahmed Aziz\Local Sites\dropshipping\app\public\wp-includes\functions.php(1352): WP->main('')
#10 C:\Users\Ahmed Aziz\Local Sites\dropshipping\app\public\wp-blog-header.php(16): wp()
#11 C:\Users\Ahmed Aziz\Local Sites\dropshipping\app\public\index.php(17): require('C:\\Users\\Ahmed ...')
#12 {main}
  thrown in C:\Users\Ahmed Aziz\Local Sites\dropshipping\app\public\wp-content\plugins\dropshipping-automation\src\REST\WorkflowsController.php on line 76
[29-Sep-2026 19:32:04 UTC] PHP Fatal error:  Uncaught Error: Class "DSA\REST\CronSchedule" not found in C:\Users\Ahmed Aziz\Local Sites\dropshipping\app\public\wp-content\plugins\dropshipping-automation\src\REST\WorkflowsController.php:76
Stack trace:
#0 C:\Users\Ahmed Aziz\Local Sites\dropshipping\app\public\wp-includes\rest-api\class-wp-rest-server.php(1293): DSA\REST\WorkflowsController->get_workflows(Object(WP_REST_Request))
#1 C:\Users\Ahmed Aziz\Local Sites\dropshipping\app\public\wp-includes\rest-api\class-wp-rest-server.php(1126): WP_REST_Server->respond_to_request(Object(WP_REST_Request), '/dsa/v1/workflo...', Array, NULL)
#2 C:\Users\Ahmed Aziz\Local Sites\dropshipping\app\public\wp-includes\rest-api\class-wp-rest-server.php(441): WP_REST_Server->dispatch(Object(WP_REST_Request))
#3 C:\Users\Ahmed Aziz\Local Sites\dropshipping\app\public\wp-includes\rest-api.php(488): WP_REST_Server->serve_request('/dsa/v1/workflo...')
#4 C:\Users\Ahmed Aziz\Local Sites\dropshipping\app\public\wp-includes\class-wp-hook.php(353): rest_api_loaded(Object(WP))
#5 C:\Users\Ahmed Aziz\Local Sites\dropshipping\app\public\wp-includes\class-wp-hook.php(377): WP_Hook->apply_filters('', Array)
#6 C:\Users\Ahmed Aziz\Local Sites\dropshipping\app\public\wp-includes\plugin.php(571): WP_Hook->do_action(Array)
#7 C:\Users\Ahmed Aziz\Local Sites\dropshipping\app\public\wp-includes\class-wp.php(418): do_action_ref_array('parse_request', Array)
#8 C:\Users\Ahmed Aziz\Local Sites\dropshipping\app\public\wp-includes\class-wp.php(822): WP->parse_request('')
#9 C:\Users\Ahmed Aziz\Local Sites\dropshipping\app\public\wp-includes\functions.php(1352): WP->main('')
#10 C:\Users\Ahmed Aziz\Local Sites\dropshipping\app\public\wp-blog-header.php(16): wp()
#11 C:\Users\Ahmed Aziz\Local Sites\dropshipping\app\public\index.php(17): require('C:\\Users\\Ahmed ...')
#12 {main}
  thrown in C:\Users\Ahmed Aziz\Local Sites\dropshipping\app\public\wp-content\plugins\dropshipping-automation\src\REST\WorkflowsController.php on line 76
[29-Sep-2026 19:32:30 UTC] PHP Fatal error:  Uncaught Error: Class "DSA\REST\CronSchedule" not found in C:\Users\Ahmed Aziz\Local Sites\dropshipping\app\public\wp-content\plugins\dropshipping-automation\src\REST\WorkflowsController.php:76
Stack trace:
#0 C:\Users\Ahmed Aziz\Local Sites\dropshipping\app\public\wp-includes\rest-api\class-wp-rest-server.php(1293): DSA\REST\WorkflowsController->get_workflows(Object(WP_REST_Request))
#1 C:\Users\Ahmed Aziz\Local Sites\dropshipping\app\public\wp-includes\rest-api\class-wp-rest-server.php(1126): WP_REST_Server->respond_to_request(Object(WP_REST_Request), '/dsa/v1/workflo...', Array, NULL)
#2 C:\Users\Ahmed Aziz\Local Sites\dropshipping\app\public\wp-includes\rest-api\class-wp-rest-server.php(441): WP_REST_Server->dispatch(Object(WP_REST_Request))
#3 C:\Users\Ahmed Aziz\Local Sites\dropshipping\app\public\wp-includes\rest-api.php(488): WP_REST_Server->serve_request('/dsa/v1/workflo...')
#4 C:\Users\Ahmed Aziz\Local Sites\dropshipping\app\public\wp-includes\class-wp-hook.php(353): rest_api_loaded(Object(WP))
#5 C:\Users\Ahmed Aziz\Local Sites\dropshipping\app\public\wp-includes\class-wp-hook.php(377): WP_Hook->apply_filters('', Array)
#6 C:\Users\Ahmed Aziz\Local Sites\dropshipping\app\public\wp-includes\plugin.php(571): WP_Hook->do_action(Array)
#7 C:\Users\Ahmed Aziz\Local Sites\dropshipping\app\public\wp-includes\class-wp.php(418): do_action_ref_array('parse_request', Array)
#8 C:\Users\Ahmed Aziz\Local Sites\dropshipping\app\public\wp-includes\class-wp.php(822): WP->parse_request('')
#9 C:\Users\Ahmed Aziz\Local Sites\dropshipping\app\public\wp-includes\functions.php(1352): WP->main('')
#10 C:\Users\Ahmed Aziz\Local Sites\dropshipping\app\public\wp-blog-header.php(16): wp()
#11 C:\Users\Ahmed Aziz\Local Sites\dropshipping\app\public\index.php(17): require('C:\\Users\\Ahmed ...')
#12 {main}
  thrown in C:\Users\Ahmed Aziz\Local Sites\dropshipping\app\public\wp-content\plugins\dropshipping-automation\src\REST\WorkflowsController.php on line 76
[29-Sep-2026 19:32:31 UTC] PHP Fatal error:  Uncaught Error: Class "DSA\REST\CronSchedule" not found in C:\Users\Ahmed Aziz\Local Sites\dropshipping\app\public\wp-content\plugins\dropshipping-automation\src\REST\WorkflowsController.php:76
Stack trace:
#0 C:\Users\Ahmed Aziz\Local Sites\dropshipping\app\public\wp-includes\rest-api\class-wp-rest-server.php(1293): DSA\REST\WorkflowsController->get_workflows(Object(WP_REST_Request))
#1 C:\Users\Ahmed Aziz\Local Sites\dropshipping\app\public\wp-includes\rest-api\class-wp-rest-server.php(1126): WP_REST_Server->respond_to_request(Object(WP_REST_Request), '/dsa/v1/workflo...', Array, NULL)
#2 C:\Users\Ahmed Aziz\Local Sites\dropshipping\app\public\wp-includes\rest-api\class-wp-rest-server.php(441): WP_REST_Server->dispatch(Object(WP_REST_Request))
#3 C:\Users\Ahmed Aziz\Local Sites\dropshipping\app\public\wp-includes\rest-api.php(488): WP_REST_Server->serve_request('/dsa/v1/workflo...')
#4 C:\Users\Ahmed Aziz\Local Sites\dropshipping\app\public\wp-includes\class-wp-hook.php(353): rest_api_loaded(Object(WP))
#5 C:\Users\Ahmed Aziz\Local Sites\dropshipping\app\public\wp-includes\class-wp-hook.php(377): WP_Hook->apply_filters('', Array)
#6 C:\Users\Ahmed Aziz\Local Sites\dropshipping\app\public\wp-includes\plugin.php(571): WP_Hook->do_action(Array)
#7 C:\Users\Ahmed Aziz\Local Sites\dropshipping\app\public\wp-includes\class-wp.php(418): do_action_ref_array('parse_request', Array)
#8 C:\Users\Ahmed Aziz\Local Sites\dropshipping\app\public\wp-includes\class-wp.php(822): WP->parse_request('')
#9 C:\Users\Ahmed Aziz\Local Sites\dropshipping\app\public\wp-includes\functions.php(1352): WP->main('')
#10 C:\Users\Ahmed Aziz\Local Sites\dropshipping\app\public\wp-blog-header.php(16): wp()
#11 C:\Users\Ahmed Aziz\Local Sites\dropshipping\app\public\index.php(17): require('C:\\Users\\Ahmed ...')
#12 {main}
  thrown in C:\Users\Ahmed Aziz\Local Sites\dropshipping\app\public\wp-content\plugins\dropshipping-automation\src\REST\WorkflowsController.php on line 76
[29-Sep-2026 19:32:45 UTC] PHP Fatal error:  Uncaught Error: Class "DSA\REST\CronSchedule" not found in C:\Users\Ahmed Aziz\Local Sites\dropshipping\app\public\wp-content\plugins\dropshipping-automation\src\REST\WorkflowsController.php:76
Stack trace:
#0 C:\Users\Ahmed Aziz\Local Sites\dropshipping\app\public\wp-includes\rest-api\class-wp-rest-server.php(1293): DSA\REST\WorkflowsController->get_workflows(Object(WP_REST_Request))
#1 C:\Users\Ahmed Aziz\Local Sites\dropshipping\app\public\wp-includes\rest-api\class-wp-rest-server.php(1126): WP_REST_Server->respond_to_request(Object(WP_REST_Request), '/dsa/v1/workflo...', Array, NULL)
#2 C:\Users\Ahmed Aziz\Local Sites\dropshipping\app\public\wp-includes\rest-api\class-wp-rest-server.php(441): WP_REST_Server->dispatch(Object(WP_REST_Request))
#3 C:\Users\Ahmed Aziz\Local Sites\dropshipping\app\public\wp-includes\rest-api.php(488): WP_REST_Server->serve_request('/dsa/v1/workflo...')
#4 C:\Users\Ahmed Aziz\Local Sites\dropshipping\app\public\wp-includes\class-wp-hook.php(353): rest_api_loaded(Object(WP))
#5 C:\Users\Ahmed Aziz\Local Sites\dropshipping\app\public\wp-includes\class-wp-hook.php(377): WP_Hook->apply_filters('', Array)
#6 C:\Users\Ahmed Aziz\Local Sites\dropshipping\app\public\wp-includes\plugin.php(571): WP_Hook->do_action(Array)
#7 C:\Users\Ahmed Aziz\Local Sites\dropshipping\app\public\wp-includes\class-wp.php(418): do_action_ref_array('parse_request', Array)
#8 C:\Users\Ahmed Aziz\Local Sites\dropshipping\app\public\wp-includes\class-wp.php(822): WP->parse_request('')
#9 C:\Users\Ahmed Aziz\Local Sites\dropshipping\app\public\wp-includes\functions.php(1352): WP->main('')
#10 C:\Users\Ahmed Aziz\Local Sites\dropshipping\app\public\wp-blog-header.php(16): wp()
#11 C:\Users\Ahmed Aziz\Local Sites\dropshipping\app\public\index.php(17): require('C:\\Users\\Ahmed ...')
#12 {main}
  thrown in C:\Users\Ahmed Aziz\Local Sites\dropshipping\app\public\wp-content\plugins\dropshipping-automation\src\REST\WorkflowsController.php on line 76
[29-Sep-2026 19:34:07 UTC] PHP Fatal error:  Uncaught Error: Class "DSA\REST\CronSchedule" not found in C:\Users\Ahmed Aziz\Local Sites\dropshipping\app\public\wp-content\plugins\dropshipping-automation\src\REST\WorkflowsController.php:76
Stack trace:
#0 C:\Users\Ahmed Aziz\Local Sites\dropshipping\app\public\wp-includes\rest-api\class-wp-rest-server.php(1293): DSA\REST\WorkflowsController->get_workflows(Object(WP_REST_Request))
#1 C:\Users\Ahmed Aziz\Local Sites\dropshipping\app\public\wp-includes\rest-api\class-wp-rest-server.php(1126): WP_REST_Server->respond_to_request(Object(WP_REST_Request), '/dsa/v1/workflo...', Array, NULL)
#2 C:\Users\Ahmed Aziz\Local Sites\dropshipping\app\public\wp-includes\rest-api\class-wp-rest-server.php(441): WP_REST_Server->dispatch(Object(WP_REST_Request))
#3 C:\Users\Ahmed Aziz\Local Sites\dropshipping\app\public\wp-includes\rest-api.php(488): WP_REST_Server->serve_request('/dsa/v1/workflo...')
#4 C:\Users\Ahmed Aziz\Local Sites\dropshipping\app\public\wp-includes\class-wp-hook.php(353): rest_api_loaded(Object(WP))
#5 C:\Users\Ahmed Aziz\Local Sites\dropshipping\app\public\wp-includes\class-wp-hook.php(377): WP_Hook->apply_filters('', Array)
#6 C:\Users\Ahmed Aziz\Local Sites\dropshipping\app\public\wp-includes\plugin.php(571): WP_Hook->do_action(Array)
#7 C:\Users\Ahmed Aziz\Local Sites\dropshipping\app\public\wp-includes\class-wp.php(418): do_action_ref_array('parse_request', Array)
#8 C:\Users\Ahmed Aziz\Local Sites\dropshipping\app\public\wp-includes\class-wp.php(822): WP->parse_request('')
#9 C:\Users\Ahmed Aziz\Local Sites\dropshipping\app\public\wp-includes\functions.php(1352): WP->main('')
#10 C:\Users\Ahmed Aziz\Local Sites\dropshipping\app\public\wp-blog-header.php(16): wp()
#11 C:\Users\Ahmed Aziz\Local Sites\dropshipping\app\public\index.php(17): require('C:\\Users\\Ahmed ...')
#12 {main}
  thrown in C:\Users\Ahmed Aziz\Local Sites\dropshipping\app\public\wp-content\plugins\dropshipping-automation\src\REST\WorkflowsController.php on line 76
[29-Sep-2026 19:34:34 UTC] PHP Fatal error:  Uncaught Error: Class "DSA\REST\CronSchedule" not found in C:\Users\Ahmed Aziz\Local Sites\dropshipping\app\public\wp-content\plugins\dropshipping-automation\src\REST\WorkflowsController.php:108
Stack trace:
#0 C:\Users\Ahmed Aziz\Local Sites\dropshipping\app\public\wp-includes\rest-api\class-wp-rest-server.php(1293): DSA\REST\WorkflowsController->save_workflow(Object(WP_REST_Request))
#1 C:\Users\Ahmed Aziz\Local Sites\dropshipping\app\public\wp-includes\rest-api\class-wp-rest-server.php(1126): WP_REST_Server->respond_to_request(Object(WP_REST_Request), '/dsa/v1/workflo...', Array, NULL)
#2 C:\Users\Ahmed Aziz\Local Sites\dropshipping\app\public\wp-includes\rest-api\class-wp-rest-server.php(441): WP_REST_Server->dispatch(Object(WP_REST_Request))
#3 C:\Users\Ahmed Aziz\Local Sites\dropshipping\app\public\wp-includes\rest-api.php(488): WP_REST_Server->serve_request('/dsa/v1/workflo...')
#4 C:\Users\Ahmed Aziz\Local Sites\dropshipping\app\public\wp-includes\class-wp-hook.php(353): rest_api_loaded(Object(WP))
#5 C:\Users\Ahmed Aziz\Local Sites\dropshipping\app\public\wp-includes\class-wp-hook.php(377): WP_Hook->apply_filters('', Array)
#6 C:\Users\Ahmed Aziz\Local Sites\dropshipping\app\public\wp-includes\plugin.php(571): WP_Hook->do_action(Array)
#7 C:\Users\Ahmed Aziz\Local Sites\dropshipping\app\public\wp-includes\class-wp.php(418): do_action_ref_array('parse_request', Array)
#8 C:\Users\Ahmed Aziz\Local Sites\dropshipping\app\public\wp-includes\class-wp.php(822): WP->parse_request('')
#9 C:\Users\Ahmed Aziz\Local Sites\dropshipping\app\public\wp-includes\functions.php(1352): WP->main('')
#10 C:\Users\Ahmed Aziz\Local Sites\dropshipping\app\public\wp-blog-header.php(16): wp()
#11 C:\Users\Ahmed Aziz\Local Sites\dropshipping\app\public\index.php(17): require('C:\\Users\\Ahmed ...')
#12 {main}
  thrown in C:\Users\Ahmed Aziz\Local Sites\dropshipping\app\public\wp-content\plugins\dropshipping-automation\src\REST\WorkflowsController.php on line 108
[29-Sep-2026 19:34:38 UTC] PHP Fatal error:  Uncaught Error: Class "DSA\REST\CronSchedule" not found in C:\Users\Ahmed Aziz\Local Sites\dropshipping\app\public\wp-content\plugins\dropshipping-automation\src\REST\WorkflowsController.php:90
Stack trace:
#0 C:\Users\Ahmed Aziz\Local Sites\dropshipping\app\public\wp-includes\rest-api\class-wp-rest-server.php(1293): DSA\REST\WorkflowsController->preview(Object(WP_REST_Request))
#1 C:\Users\Ahmed Aziz\Local Sites\dropshipping\app\public\wp-includes\rest-api\class-wp-rest-server.php(1126): WP_REST_Server->respond_to_request(Object(WP_REST_Request), '/dsa/v1/workflo...', Array, NULL)
#2 C:\Users\Ahmed Aziz\Local Sites\dropshipping\app\public\wp-includes\rest-api\class-wp-rest-server.php(441): WP_REST_Server->dispatch(Object(WP_REST_Request))
#3 C:\Users\Ahmed Aziz\Local Sites\dropshipping\app\public\wp-includes\rest-api.php(488): WP_REST_Server->serve_request('/dsa/v1/workflo...')
#4 C:\Users\Ahmed Aziz\Local Sites\dropshipping\app\public\wp-includes\class-wp-hook.php(353): rest_api_loaded(Object(WP))
#5 C:\Users\Ahmed Aziz\Local Sites\dropshipping\app\public\wp-includes\class-wp-hook.php(377): WP_Hook->apply_filters('', Array)
#6 C:\Users\Ahmed Aziz\Local Sites\dropshipping\app\public\wp-includes\plugin.php(571): WP_Hook->do_action(Array)
#7 C:\Users\Ahmed Aziz\Local Sites\dropshipping\app\public\wp-includes\class-wp.php(418): do_action_ref_array('parse_request', Array)
#8 C:\Users\Ahmed Aziz\Local Sites\dropshipping\app\public\wp-includes\class-wp.php(822): WP->parse_request('')
#9 C:\Users\Ahmed Aziz\Local Sites\dropshipping\app\public\wp-includes\functions.php(1352): WP->main('')
#10 C:\Users\Ahmed Aziz\Local Sites\dropshipping\app\public\wp-blog-header.php(16): wp()
#11 C:\Users\Ahmed Aziz\Local Sites\dropshipping\app\public\index.php(17): require('C:\\Users\\Ahmed ...')
#12 {main}
  thrown in C:\Users\Ahmed Aziz\Local Sites\dropshipping\app\public\wp-content\plugins\dropshipping-automation\src\REST\WorkflowsController.php on line 90
[29-Sep-2026 19:34:39 UTC] PHP Fatal error:  Uncaught Error: Class "DSA\REST\CronSchedule" not found in C:\Users\Ahmed Aziz\Local Sites\dropshipping\app\public\wp-content\plugins\dropshipping-automation\src\REST\WorkflowsController.php:90
Stack trace:
#0 C:\Users\Ahmed Aziz\Local Sites\dropshipping\app\public\wp-includes\rest-api\class-wp-rest-server.php(1293): DSA\REST\WorkflowsController->preview(Object(WP_REST_Request))
#1 C:\Users\Ahmed Aziz\Local Sites\dropshipping\app\public\wp-includes\rest-api\class-wp-rest-server.php(1126): WP_REST_Server->respond_to_request(Object(WP_REST_Request), '/dsa/v1/workflo...', Array, NULL)
#2 C:\Users\Ahmed Aziz\Local Sites\dropshipping\app\public\wp-includes\rest-api\class-wp-rest-server.php(441): WP_REST_Server->dispatch(Object(WP_REST_Request))
#3 C:\Users\Ahmed Aziz\Local Sites\dropshipping\app\public\wp-includes\rest-api.php(488): WP_REST_Server->serve_request('/dsa/v1/workflo...')
#4 C:\Users\Ahmed Aziz\Local Sites\dropshipping\app\public\wp-includes\class-wp-hook.php(353): rest_api_loaded(Object(WP))
#5 C:\Users\Ahmed Aziz\Local Sites\dropshipping\app\public\wp-includes\class-wp-hook.php(377): WP_Hook->apply_filters('', Array)
#6 C:\Users\Ahmed Aziz\Local Sites\dropshipping\app\public\wp-includes\plugin.php(571): WP_Hook->do_action(Array)
#7 C:\Users\Ahmed Aziz\Local Sites\dropshipping\app\public\wp-includes\class-wp.php(418): do_action_ref_array('parse_request', Array)
#8 C:\Users\Ahmed Aziz\Local Sites\dropshipping\app\public\wp-includes\class-wp.php(822): WP->parse_request('')
#9 C:\Users\Ahmed Aziz\Local Sites\dropshipping\app\public\wp-includes\functions.php(1352): WP->main('')
#10 C:\Users\Ahmed Aziz\Local Sites\dropshipping\app\public\wp-blog-header.php(16): wp()
#11 C:\Users\Ahmed Aziz\Local Sites\dropshipping\app\public\index.php(17): require('C:\\Users\\Ahmed ...')
#12 {main}
  thrown in C:\Users\Ahmed Aziz\Local Sites\dropshipping\app\public\wp-content\plugins\dropshipping-automation\src\REST\WorkflowsController.php on line 90
[29-Sep-2026 19:34:43 UTC] PHP Fatal error:  Uncaught Error: Class "DSA\REST\CronSchedule" not found in C:\Users\Ahmed Aziz\Local Sites\dropshipping\app\public\wp-content\plugins\dropshipping-automation\src\REST\WorkflowsController.php:90
Stack trace:
#0 C:\Users\Ahmed Aziz\Local Sites\dropshipping\app\public\wp-includes\rest-api\class-wp-rest-server.php(1293): DSA\REST\WorkflowsController->preview(Object(WP_REST_Request))
#1 C:\Users\Ahmed Aziz\Local Sites\dropshipping\app\public\wp-includes\rest-api\class-wp-rest-server.php(1126): WP_REST_Server->respond_to_request(Object(WP_REST_Request), '/dsa/v1/workflo...', Array, NULL)
#2 C:\Users\Ahmed Aziz\Local Sites\dropshipping\app\public\wp-includes\rest-api\class-wp-rest-server.php(441): WP_REST_Server->dispatch(Object(WP_REST_Request))
#3 C:\Users\Ahmed Aziz\Local Sites\dropshipping\app\public\wp-includes\rest-api.php(488): WP_REST_Server->serve_request('/dsa/v1/workflo...')
#4 C:\Users\Ahmed Aziz\Local Sites\dropshipping\app\public\wp-includes\class-wp-hook.php(353): rest_api_loaded(Object(WP))
#5 C:\Users\Ahmed Aziz\Local Sites\dropshipping\app\public\wp-includes\class-wp-hook.php(377): WP_Hook->apply_filters('', Array)
#6 C:\Users\Ahmed Aziz\Local Sites\dropshipping\app\public\wp-includes\plugin.php(571): WP_Hook->do_action(Array)
#7 C:\Users\Ahmed Aziz\Local Sites\dropshipping\app\public\wp-includes\class-wp.php(418): do_action_ref_array('parse_request', Array)
#8 C:\Users\Ahmed Aziz\Local Sites\dropshipping\app\public\wp-includes\class-wp.php(822): WP->parse_request('')
#9 C:\Users\Ahmed Aziz\Local Sites\dropshipping\app\public\wp-includes\functions.php(1352): WP->main('')
#10 C:\Users\Ahmed Aziz\Local Sites\dropshipping\app\public\wp-blog-header.php(16): wp()
#11 C:\Users\Ahmed Aziz\Local Sites\dropshipping\app\public\index.php(17): require('C:\\Users\\Ahmed ...')
#12 {main}
  thrown in C:\Users\Ahmed Aziz\Local Sites\dropshipping\app\public\wp-content\plugins\dropshipping-automation\src\REST\WorkflowsController.php on line 90
[29-Sep-2026 19:34:44 UTC] PHP Fatal error:  Uncaught Error: Class "DSA\REST\CronSchedule" not found in C:\Users\Ahmed Aziz\Local Sites\dropshipping\app\public\wp-content\plugins\dropshipping-automation\src\REST\WorkflowsController.php:90
Stack trace:
#0 C:\Users\Ahmed Aziz\Local Sites\dropshipping\app\public\wp-includes\rest-api\class-wp-rest-server.php(1293): DSA\REST\WorkflowsController->preview(Object(WP_REST_Request))
#1 C:\Users\Ahmed Aziz\Local Sites\dropshipping\app\public\wp-includes\rest-api\class-wp-rest-server.php(1126): WP_REST_Server->respond_to_request(Object(WP_REST_Request), '/dsa/v1/workflo...', Array, NULL)
#2 C:\Users\Ahmed Aziz\Local Sites\dropshipping\app\public\wp-includes\rest-api\class-wp-rest-server.php(441): WP_REST_Server->dispatch(Object(WP_REST_Request))
#3 C:\Users\Ahmed Aziz\Local Sites\dropshipping\app\public\wp-includes\rest-api.php(488): WP_REST_Server->serve_request('/dsa/v1/workflo...')
#4 C:\Users\Ahmed Aziz\Local Sites\dropshipping\app\public\wp-includes\class-wp-hook.php(353): rest_api_loaded(Object(WP))
#5 C:\Users\Ahmed Aziz\Local Sites\dropshipping\app\public\wp-includes\class-wp-hook.php(377): WP_Hook->apply_filters('', Array)
#6 C:\Users\Ahmed Aziz\Local Sites\dropshipping\app\public\wp-includes\plugin.php(571): WP_Hook->do_action(Array)
#7 C:\Users\Ahmed Aziz\Local Sites\dropshipping\app\public\wp-includes\class-wp.php(418): do_action_ref_array('parse_request', Array)
#8 C:\Users\Ahmed Aziz\Local Sites\dropshipping\app\public\wp-includes\class-wp.php(822): WP->parse_request('')
#9 C:\Users\Ahmed Aziz\Local Sites\dropshipping\app\public\wp-includes\functions.php(1352): WP->main('')
#10 C:\Users\Ahmed Aziz\Local Sites\dropshipping\app\public\wp-blog-header.php(16): wp()
#11 C:\Users\Ahmed Aziz\Local Sites\dropshipping\app\public\index.php(17): require('C:\\Users\\Ahmed ...')
#12 {main}
  thrown in C:\Users\Ahmed Aziz\Local Sites\dropshipping\app\public\wp-content\plugins\dropshipping-automation\src\REST\WorkflowsController.php on line 90
[29-Sep-2026 19:34:46 UTC] PHP Fatal error:  Uncaught Error: Class "DSA\REST\CronSchedule" not found in C:\Users\Ahmed Aziz\Local Sites\dropshipping\app\public\wp-content\plugins\dropshipping-automation\src\REST\WorkflowsController.php:108
Stack trace:
#0 C:\Users\Ahmed Aziz\Local Sites\dropshipping\app\public\wp-includes\rest-api\class-wp-rest-server.php(1293): DSA\REST\WorkflowsController->save_workflow(Object(WP_REST_Request))
#1 C:\Users\Ahmed Aziz\Local Sites\dropshipping\app\public\wp-includes\rest-api\class-wp-rest-server.php(1126): WP_REST_Server->respond_to_request(Object(WP_REST_Request), '/dsa/v1/workflo...', Array, NULL)
#2 C:\Users\Ahmed Aziz\Local Sites\dropshipping\app\public\wp-includes\rest-api\class-wp-rest-server.php(441): WP_REST_Server->dispatch(Object(WP_REST_Request))
#3 C:\Users\Ahmed Aziz\Local Sites\dropshipping\app\public\wp-includes\rest-api.php(488): WP_REST_Server->serve_request('/dsa/v1/workflo...')
#4 C:\Users\Ahmed Aziz\Local Sites\dropshipping\app\public\wp-includes\class-wp-hook.php(353): rest_api_loaded(Object(WP))
#5 C:\Users\Ahmed Aziz\Local Sites\dropshipping\app\public\wp-includes\class-wp-hook.php(377): WP_Hook->apply_filters('', Array)
#6 C:\Users\Ahmed Aziz\Local Sites\dropshipping\app\public\wp-includes\plugin.php(571): WP_Hook->do_action(Array)
#7 C:\Users\Ahmed Aziz\Local Sites\dropshipping\app\public\wp-includes\class-wp.php(418): do_action_ref_array('parse_request', Array)
#8 C:\Users\Ahmed Aziz\Local Sites\dropshipping\app\public\wp-includes\class-wp.php(822): WP->parse_request('')
#9 C:\Users\Ahmed Aziz\Local Sites\dropshipping\app\public\wp-includes\functions.php(1352): WP->main('')
#10 C:\Users\Ahmed Aziz\Local Sites\dropshipping\app\public\wp-blog-header.php(16): wp()
#11 C:\Users\Ahmed Aziz\Local Sites\dropshipping\app\public\index.php(17): require('C:\\Users\\Ahmed ...')
#12 {main}
  thrown in C:\Users\Ahmed Aziz\Local Sites\dropshipping\app\public\wp-content\plugins\dropshipping-automation\src\REST\WorkflowsController.php on line 108
[29-Sep-2026 19:34:46 UTC] PHP Fatal error:  Uncaught Error: Class "DSA\REST\CronSchedule" not found in C:\Users\Ahmed Aziz\Local Sites\dropshipping\app\public\wp-content\plugins\dropshipping-automation\src\REST\WorkflowsController.php:90
Stack trace:
#0 C:\Users\Ahmed Aziz\Local Sites\dropshipping\app\public\wp-includes\rest-api\class-wp-rest-server.php(1293): DSA\REST\WorkflowsController->preview(Object(WP_REST_Request))
#1 C:\Users\Ahmed Aziz\Local Sites\dropshipping\app\public\wp-includes\rest-api\class-wp-rest-server.php(1126): WP_REST_Server->respond_to_request(Object(WP_REST_Request), '/dsa/v1/workflo...', Array, NULL)
#2 C:\Users\Ahmed Aziz\Local Sites\dropshipping\app\public\wp-includes\rest-api\class-wp-rest-server.php(441): WP_REST_Server->dispatch(Object(WP_REST_Request))
#3 C:\Users\Ahmed Aziz\Local Sites\dropshipping\app\public\wp-includes\rest-api.php(488): WP_REST_Server->serve_request('/dsa/v1/workflo...')
#4 C:\Users\Ahmed Aziz\Local Sites\dropshipping\app\public\wp-includes\class-wp-hook.php(353): rest_api_loaded(Object(WP))
#5 C:\Users\Ahmed Aziz\Local Sites\dropshipping\app\public\wp-includes\class-wp-hook.php(377): WP_Hook->apply_filters('', Array)
#6 C:\Users\Ahmed Aziz\Local Sites\dropshipping\app\public\wp-includes\plugin.php(571): WP_Hook->do_action(Array)
#7 C:\Users\Ahmed Aziz\Local Sites\dropshipping\app\public\wp-includes\class-wp.php(418): do_action_ref_array('parse_request', Array)
#8 C:\Users\Ahmed Aziz\Local Sites\dropshipping\app\public\wp-includes\class-wp.php(822): WP->parse_request('')
#9 C:\Users\Ahmed Aziz\Local Sites\dropshipping\app\public\wp-includes\functions.php(1352): WP->main('')
#10 C:\Users\Ahmed Aziz\Local Sites\dropshipping\app\public\wp-blog-header.php(16): wp()
#11 C:\Users\Ahmed Aziz\Local Sites\dropshipping\app\public\index.php(17): require('C:\\Users\\Ahmed ...')
#12 {main}
  thrown in C:\Users\Ahmed Aziz\Local Sites\dropshipping\app\public\wp-content\plugins\dropshipping-automation\src\REST\WorkflowsController.php on line 90
[29-Sep-2026 19:34:47 UTC] PHP Fatal error:  Uncaught Error: Class "DSA\REST\CronSchedule" not found in C:\Users\Ahmed Aziz\Local Sites\dropshipping\app\public\wp-content\plugins\dropshipping-automation\src\REST\WorkflowsController.php:108
Stack trace:
#0 C:\Users\Ahmed Aziz\Local Sites\dropshipping\app\public\wp-includes\rest-api\class-wp-rest-server.php(1293): DSA\REST\WorkflowsController->save_workflow(Object(WP_REST_Request))
#1 C:\Users\Ahmed Aziz\Local Sites\dropshipping\app\public\wp-includes\rest-api\class-wp-rest-server.php(1126): WP_REST_Server->respond_to_request(Object(WP_REST_Request), '/dsa/v1/workflo...', Array, NULL)
#2 C:\Users\Ahmed Aziz\Local Sites\dropshipping\app\public\wp-includes\rest-api\class-wp-rest-server.php(441): WP_REST_Server->dispatch(Object(WP_REST_Request))
#3 C:\Users\Ahmed Aziz\Local Sites\dropshipping\app\public\wp-includes\rest-api.php(488): WP_REST_Server->serve_request('/dsa/v1/workflo...')
#4 C:\Users\Ahmed Aziz\Local Sites\dropshipping\app\public\wp-includes\class-wp-hook.php(353): rest_api_loaded(Object(WP))
#5 C:\Users\Ahmed Aziz\Local Sites\dropshipping\app\public\wp-includes\class-wp-hook.php(377): WP_Hook->apply_filters('', Array)
#6 C:\Users\Ahmed Aziz\Local Sites\dropshipping\app\public\wp-includes\plugin.php(571): WP_Hook->do_action(Array)
#7 C:\Users\Ahmed Aziz\Local Sites\dropshipping\app\public\wp-includes\class-wp.php(418): do_action_ref_array('parse_request', Array)
#8 C:\Users\Ahmed Aziz\Local Sites\dropshipping\app\public\wp-includes\class-wp.php(822): WP->parse_request('')
#9 C:\Users\Ahmed Aziz\Local Sites\dropshipping\app\public\wp-includes\functions.php(1352): WP->main('')
#10 C:\Users\Ahmed Aziz\Local Sites\dropshipping\app\public\wp-blog-header.php(16): wp()
#11 C:\Users\Ahmed Aziz\Local Sites\dropshipping\app\public\index.php(17): require('C:\\Users\\Ahmed ...')
#12 {main}
  thrown in C:\Users\Ahmed Aziz\Local Sites\dropshipping\app\public\wp-content\plugins\dropshipping-automation\src\REST\WorkflowsController.php on line 108
[29-Sep-2026 19:34:51 UTC] PHP Fatal error:  Uncaught Error: Class "DSA\REST\CronSchedule" not found in C:\Users\Ahmed Aziz\Local Sites\dropshipping\app\public\wp-content\plugins\dropshipping-automation\src\REST\WorkflowsController.php:90
Stack trace:
#0 C:\Users\Ahmed Aziz\Local Sites\dropshipping\app\public\wp-includes\rest-api\class-wp-rest-server.php(1293): DSA\REST\WorkflowsController->preview(Object(WP_REST_Request))
#1 C:\Users\Ahmed Aziz\Local Sites\dropshipping\app\public\wp-includes\rest-api\class-wp-rest-server.php(1126): WP_REST_Server->respond_to_request(Object(WP_REST_Request), '/dsa/v1/workflo...', Array, NULL)
#2 C:\Users\Ahmed Aziz\Local Sites\dropshipping\app\public\wp-includes\rest-api\class-wp-rest-server.php(441): WP_REST_Server->dispatch(Object(WP_REST_Request))
#3 C:\Users\Ahmed Aziz\Local Sites\dropshipping\app\public\wp-includes\rest-api.php(488): WP_REST_Server->serve_request('/dsa/v1/workflo...')
#4 C:\Users\Ahmed Aziz\Local Sites\dropshipping\app\public\wp-includes\class-wp-hook.php(353): rest_api_loaded(Object(WP))
#5 C:\Users\Ahmed Aziz\Local Sites\dropshipping\app\public\wp-includes\class-wp-hook.php(377): WP_Hook->apply_filters('', Array)
#6 C:\Users\Ahmed Aziz\Local Sites\dropshipping\app\public\wp-includes\plugin.php(571): WP_Hook->do_action(Array)
#7 C:\Users\Ahmed Aziz\Local Sites\dropshipping\app\public\wp-includes\class-wp.php(418): do_action_ref_array('parse_request', Array)
#8 C:\Users\Ahmed Aziz\Local Sites\dropshipping\app\public\wp-includes\class-wp.php(822): WP->parse_request('')
#9 C:\Users\Ahmed Aziz\Local Sites\dropshipping\app\public\wp-includes\functions.php(1352): WP->main('')
#10 C:\Users\Ahmed Aziz\Local Sites\dropshipping\app\public\wp-blog-header.php(16): wp()
#11 C:\Users\Ahmed Aziz\Local Sites\dropshipping\app\public\index.php(17): require('C:\\Users\\Ahmed ...')
#12 {main}
  thrown in C:\Users\Ahmed Aziz\Local Sites\dropshipping\app\public\wp-content\plugins\dropshipping-automation\src\REST\WorkflowsController.php on line 90
[29-Sep-2026 19:34:51 UTC] PHP Fatal error:  Uncaught Error: Class "DSA\REST\CronSchedule" not found in C:\Users\Ahmed Aziz\Local Sites\dropshipping\app\public\wp-content\plugins\dropshipping-automation\src\REST\WorkflowsController.php:108
Stack trace:
#0 C:\Users\Ahmed Aziz\Local Sites\dropshipping\app\public\wp-includes\rest-api\class-wp-rest-server.php(1293): DSA\REST\WorkflowsController->save_workflow(Object(WP_REST_Request))
#1 C:\Users\Ahmed Aziz\Local Sites\dropshipping\app\public\wp-includes\rest-api\class-wp-rest-server.php(1126): WP_REST_Server->respond_to_request(Object(WP_REST_Request), '/dsa/v1/workflo...', Array, NULL)
#2 C:\Users\Ahmed Aziz\Local Sites\dropshipping\app\public\wp-includes\rest-api\class-wp-rest-server.php(441): WP_REST_Server->dispatch(Object(WP_REST_Request))
#3 C:\Users\Ahmed Aziz\Local Sites\dropshipping\app\public\wp-includes\rest-api.php(488): WP_REST_Server->serve_request('/dsa/v1/workflo...')
#4 C:\Users\Ahmed Aziz\Local Sites\dropshipping\app\public\wp-includes\class-wp-hook.php(353): rest_api_loaded(Object(WP))
#5 C:\Users\Ahmed Aziz\Local Sites\dropshipping\app\public\wp-includes\class-wp-hook.php(377): WP_Hook->apply_filters('', Array)
#6 C:\Users\Ahmed Aziz\Local Sites\dropshipping\app\public\wp-includes\plugin.php(571): WP_Hook->do_action(Array)
#7 C:\Users\Ahmed Aziz\Local Sites\dropshipping\app\public\wp-includes\class-wp.php(418): do_action_ref_array('parse_request', Array)
#8 C:\Users\Ahmed Aziz\Local Sites\dropshipping\app\public\wp-includes\class-wp.php(822): WP->parse_request('')
#9 C:\Users\Ahmed Aziz\Local Sites\dropshipping\app\public\wp-includes\functions.php(1352): WP->main('')
#10 C:\Users\Ahmed Aziz\Local Sites\dropshipping\app\public\wp-blog-header.php(16): wp()
#11 C:\Users\Ahmed Aziz\Local Sites\dropshipping\app\public\index.php(17): require('C:\\Users\\Ahmed ...')
#12 {main}
  thrown in C:\Users\Ahmed Aziz\Local Sites\dropshipping\app\public\wp-content\plugins\dropshipping-automation\src\REST\WorkflowsController.php on line 108
[29-Sep-2026 19:34:52 UTC] PHP Fatal error:  Uncaught Error: Class "DSA\REST\CronSchedule" not found in C:\Users\Ahmed Aziz\Local Sites\dropshipping\app\public\wp-content\plugins\dropshipping-automation\src\REST\WorkflowsController.php:108
Stack trace:
#0 C:\Users\Ahmed Aziz\Local Sites\dropshipping\app\public\wp-includes\rest-api\class-wp-rest-server.php(1293): DSA\REST\WorkflowsController->save_workflow(Object(WP_REST_Request))
#1 C:\Users\Ahmed Aziz\Local Sites\dropshipping\app\public\wp-includes\rest-api\class-wp-rest-server.php(1126): WP_REST_Server->respond_to_request(Object(WP_REST_Request), '/dsa/v1/workflo...', Array, NULL)
#2 C:\Users\Ahmed Aziz\Local Sites\dropshipping\app\public\wp-includes\rest-api\class-wp-rest-server.php(441): WP_REST_Server->dispatch(Object(WP_REST_Request))
#3 C:\Users\Ahmed Aziz\Local Sites\dropshipping\app\public\wp-includes\rest-api.php(488): WP_REST_Server->serve_request('/dsa/v1/workflo...')
#4 C:\Users\Ahmed Aziz\Local Sites\dropshipping\app\public\wp-includes\class-wp-hook.php(353): rest_api_loaded(Object(WP))
#5 C:\Users\Ahmed Aziz\Local Sites\dropshipping\app\public\wp-includes\class-wp-hook.php(377): WP_Hook->apply_filters('', Array)
#6 C:\Users\Ahmed Aziz\Local Sites\dropshipping\app\public\wp-includes\plugin.php(571): WP_Hook->do_action(Array)
#7 C:\Users\Ahmed Aziz\Local Sites\dropshipping\app\public\wp-includes\class-wp.php(418): do_action_ref_array('parse_request', Array)
#8 C:\Users\Ahmed Aziz\Local Sites\dropshipping\app\public\wp-includes\class-wp.php(822): WP->parse_request('')
#9 C:\Users\Ahmed Aziz\Local Sites\dropshipping\app\public\wp-includes\functions.php(1352): WP->main('')
#10 C:\Users\Ahmed Aziz\Local Sites\dropshipping\app\public\wp-blog-header.php(16): wp()
#11 C:\Users\Ahmed Aziz\Local Sites\dropshipping\app\public\index.php(17): require('C:\\Users\\Ahmed ...')
#12 {main}
  thrown in C:\Users\Ahmed Aziz\Local Sites\dropshipping\app\public\wp-content\plugins\dropshipping-automation\src\REST\WorkflowsController.php on line 108
[29-Sep-2026 19:35:01 UTC] PHP Fatal error:  Uncaught Error: Class "DSA\REST\CronSchedule" not found in C:\Users\Ahmed Aziz\Local Sites\dropshipping\app\public\wp-content\plugins\dropshipping-automation\src\REST\WorkflowsController.php:76
Stack trace:
#0 C:\Users\Ahmed Aziz\Local Sites\dropshipping\app\public\wp-includes\rest-api\class-wp-rest-server.php(1293): DSA\REST\WorkflowsController->get_workflows(Object(WP_REST_Request))
#1 C:\Users\Ahmed Aziz\Local Sites\dropshipping\app\public\wp-includes\rest-api\class-wp-rest-server.php(1126): WP_REST_Server->respond_to_request(Object(WP_REST_Request), '/dsa/v1/workflo...', Array, NULL)
#2 C:\Users\Ahmed Aziz\Local Sites\dropshipping\app\public\wp-includes\rest-api\class-wp-rest-server.php(441): WP_REST_Server->dispatch(Object(WP_REST_Request))
#3 C:\Users\Ahmed Aziz\Local Sites\dropshipping\app\public\wp-includes\rest-api.php(488): WP_REST_Server->serve_request('/dsa/v1/workflo...')
#4 C:\Users\Ahmed Aziz\Local Sites\dropshipping\app\public\wp-includes\class-wp-hook.php(353): rest_api_loaded(Object(WP))
#5 C:\Users\Ahmed Aziz\Local Sites\dropshipping\app\public\wp-includes\class-wp-hook.php(377): WP_Hook->apply_filters('', Array)
#6 C:\Users\Ahmed Aziz\Local Sites\dropshipping\app\public\wp-includes\plugin.php(571): WP_Hook->do_action(Array)
#7 C:\Users\Ahmed Aziz\Local Sites\dropshipping\app\public\wp-includes\class-wp.php(418): do_action_ref_array('parse_request', Array)
#8 C:\Users\Ahmed Aziz\Local Sites\dropshipping\app\public\wp-includes\class-wp.php(822): WP->parse_request('')
#9 C:\Users\Ahmed Aziz\Local Sites\dropshipping\app\public\wp-includes\functions.php(1352): WP->main('')
#10 C:\Users\Ahmed Aziz\Local Sites\dropshipping\app\public\wp-blog-header.php(16): wp()
#11 C:\Users\Ahmed Aziz\Local Sites\dropshipping\app\public\index.php(17): require('C:\\Users\\Ahmed ...')
#12 {main}
  thrown in C:\Users\Ahmed Aziz\Local Sites\dropshipping\app\public\wp-content\plugins\dropshipping-automation\src\REST\WorkflowsController.php on line 76
[29-Sep-2026 19:36:34 UTC] PHP Fatal error:  Uncaught Error: Class "DSA\REST\CronSchedule" not found in C:\Users\Ahmed Aziz\Local Sites\dropshipping\app\public\wp-content\plugins\dropshipping-automation\src\REST\WorkflowsController.php:76
Stack trace:
#0 C:\Users\Ahmed Aziz\Local Sites\dropshipping\app\public\wp-includes\rest-api\class-wp-rest-server.php(1293): DSA\REST\WorkflowsController->get_workflows(Object(WP_REST_Request))
#1 C:\Users\Ahmed Aziz\Local Sites\dropshipping\app\public\wp-includes\rest-api\class-wp-rest-server.php(1126): WP_REST_Server->respond_to_request(Object(WP_REST_Request), '/dsa/v1/workflo...', Array, NULL)
#2 C:\Users\Ahmed Aziz\Local Sites\dropshipping\app\public\wp-includes\rest-api\class-wp-rest-server.php(441): WP_REST_Server->dispatch(Object(WP_REST_Request))
#3 C:\Users\Ahmed Aziz\Local Sites\dropshipping\app\public\wp-includes\rest-api.php(488): WP_REST_Server->serve_request('/dsa/v1/workflo...')
#4 C:\Users\Ahmed Aziz\Local Sites\dropshipping\app\public\wp-includes\class-wp-hook.php(353): rest_api_loaded(Object(WP))
#5 C:\Users\Ahmed Aziz\Local Sites\dropshipping\app\public\wp-includes\class-wp-hook.php(377): WP_Hook->apply_filters('', Array)
#6 C:\Users\Ahmed Aziz\Local Sites\dropshipping\app\public\wp-includes\plugin.php(571): WP_Hook->do_action(Array)
#7 C:\Users\Ahmed Aziz\Local Sites\dropshipping\app\public\wp-includes\class-wp.php(418): do_action_ref_array('parse_request', Array)
#8 C:\Users\Ahmed Aziz\Local Sites\dropshipping\app\public\wp-includes\class-wp.php(822): WP->parse_request('')
#9 C:\Users\Ahmed Aziz\Local Sites\dropshipping\app\public\wp-includes\functions.php(1352): WP->main('')
#10 C:\Users\Ahmed Aziz\Local Sites\dropshipping\app\public\wp-blog-header.php(16): wp()
#11 C:\Users\Ahmed Aziz\Local Sites\dropshipping\app\public\index.php(17): require('C:\\Users\\Ahmed ...')
#12 {main}
  thrown in C:\Users\Ahmed Aziz\Local Sites\dropshipping\app\public\wp-content\plugins\dropshipping-automation\src\REST\WorkflowsController.php on line 76
[29-Sep-2026 19:37:00 UTC] PHP Fatal error:  Uncaught Error: Class "DSA\REST\CronSchedule" not found in C:\Users\Ahmed Aziz\Local Sites\dropshipping\app\public\wp-content\plugins\dropshipping-automation\src\REST\WorkflowsController.php:76
Stack trace:
#0 C:\Users\Ahmed Aziz\Local Sites\dropshipping\app\public\wp-includes\rest-api\class-wp-rest-server.php(1293): DSA\REST\WorkflowsController->get_workflows(Object(WP_REST_Request))
#1 C:\Users\Ahmed Aziz\Local Sites\dropshipping\app\public\wp-includes\rest-api\class-wp-rest-server.php(1126): WP_REST_Server->respond_to_request(Object(WP_REST_Request), '/dsa/v1/workflo...', Array, NULL)
#2 C:\Users\Ahmed Aziz\Local Sites\dropshipping\app\public\wp-includes\rest-api\class-wp-rest-server.php(441): WP_REST_Server->dispatch(Object(WP_REST_Request))
#3 C:\Users\Ahmed Aziz\Local Sites\dropshipping\app\public\wp-includes\rest-api.php(488): WP_REST_Server->serve_request('/dsa/v1/workflo...')
#4 C:\Users\Ahmed Aziz\Local Sites\dropshipping\app\public\wp-includes\class-wp-hook.php(353): rest_api_loaded(Object(WP))
#5 C:\Users\Ahmed Aziz\Local Sites\dropshipping\app\public\wp-includes\class-wp-hook.php(377): WP_Hook->apply_filters('', Array)
#6 C:\Users\Ahmed Aziz\Local Sites\dropshipping\app\public\wp-includes\plugin.php(571): WP_Hook->do_action(Array)
#7 C:\Users\Ahmed Aziz\Local Sites\dropshipping\app\public\wp-includes\class-wp.php(418): do_action_ref_array('parse_request', Array)
#8 C:\Users\Ahmed Aziz\Local Sites\dropshipping\app\public\wp-includes\class-wp.php(822): WP->parse_request('')
#9 C:\Users\Ahmed Aziz\Local Sites\dropshipping\app\public\wp-includes\functions.php(1352): WP->main('')
#10 C:\Users\Ahmed Aziz\Local Sites\dropshipping\app\public\wp-blog-header.php(16): wp()
#11 C:\Users\Ahmed Aziz\Local Sites\dropshipping\app\public\index.php(17): require('C:\\Users\\Ahmed ...')
#12 {main}
  thrown in C:\Users\Ahmed Aziz\Local Sites\dropshipping\app\public\wp-content\plugins\dropshipping-automation\src\REST\WorkflowsController.php on line 76
[29-Sep-2026 20:03:14 UTC] PHP Parse error:  syntax error, unexpected token ";", expecting ")" in C:\Users\Ahmed Aziz\Local Sites\dropshipping\app\public\wp-content\plugins\dropshipping-automation\src\Frontend\Storefront.php on line 140
[29-Sep-2026 20:03:30 UTC] PHP Parse error:  syntax error, unexpected token ";", expecting ")" in C:\Users\Ahmed Aziz\Local Sites\dropshipping\app\public\wp-content\plugins\dropshipping-automation\src\Frontend\Storefront.php on line 140
[29-Sep-2026 20:03:30 UTC] PHP Parse error:  syntax error, unexpected token ";", expecting ")" in C:\Users\Ahmed Aziz\Local Sites\dropshipping\app\public\wp-content\plugins\dropshipping-automation\src\Frontend\Storefront.php on line 140
[29-Sep-2026 20:03:34 UTC] PHP Parse error:  syntax error, unexpected token ";", expecting ")" in C:\Users\Ahmed Aziz\Local Sites\dropshipping\app\public\wp-content\plugins\dropshipping-automation\src\Frontend\Storefront.php on line 140
[29-Sep-2026 20:03:39 UTC] PHP Fatal error:  Uncaught Error: Call to undefined function DSA\Admin\add_settings_section() in C:\Users\Ahmed Aziz\Local Sites\dropshipping\app\public\wp-content\plugins\dropshipping-automation\src\Admin\DemoModeSettings.php:25
Stack trace:
#0 C:\Users\Ahmed Aziz\Local Sites\dropshipping\app\public\wp-includes\class-wp-hook.php(353): DSA\Admin\DemoModeSettings->register_settings('')
#1 C:\Users\Ahmed Aziz\Local Sites\dropshipping\app\public\wp-includes\class-wp-hook.php(377): WP_Hook->apply_filters(NULL, Array)
#2 C:\Users\Ahmed Aziz\Local Sites\dropshipping\app\public\wp-includes\plugin.php(523): WP_Hook->do_action(Array)
#3 C:\Users\Ahmed Aziz\Local Sites\dropshipping\app\public\wp-settings.php(779): do_action('init')
#4 C:\Users\Ahmed Aziz\Local Sites\dropshipping\app\public\wp-config.php(103): require_once('C:\\Users\\Ahmed ...')
#5 C:\Users\Ahmed Aziz\Local Sites\dropshipping\app\public\wp-load.php(50): require_once('C:\\Users\\Ahmed ...')
#6 C:\Users\Ahmed Aziz\Local Sites\dropshipping\app\public\wp-admin\admin.php(35): require_once('C:\\Users\\Ahmed ...')
#7 {main}
  thrown in C:\Users\Ahmed Aziz\Local Sites\dropshipping\app\public\wp-content\plugins\dropshipping-automation\src\Admin\DemoModeSettings.php on line 25
[29-Sep-2026 20:03:39 UTC] PHP Fatal error:  Uncaught Error: Call to undefined function DSA\Admin\add_settings_section() in C:\Users\Ahmed Aziz\Local Sites\dropshipping\app\public\wp-content\plugins\dropshipping-automation\src\Admin\DemoModeSettings.php:25
Stack trace:
#0 C:\Users\Ahmed Aziz\Local Sites\dropshipping\app\public\wp-includes\class-wp-hook.php(353): DSA\Admin\DemoModeSettings->register_settings('')
#1 C:\Users\Ahmed Aziz\Local Sites\dropshipping\app\public\wp-includes\class-wp-hook.php(377): WP_Hook->apply_filters(NULL, Array)
#2 C:\Users\Ahmed Aziz\Local Sites\dropshipping\app\public\wp-includes\plugin.php(523): WP_Hook->do_action(Array)
#3 C:\Users\Ahmed Aziz\Local Sites\dropshipping\app\public\wp-settings.php(779): do_action('init')
#4 C:\Users\Ahmed Aziz\Local Sites\dropshipping\app\public\wp-config.php(103): require_once('C:\\Users\\Ahmed ...')
#5 C:\Users\Ahmed Aziz\Local Sites\dropshipping\app\public\wp-load.php(50): require_once('C:\\Users\\Ahmed ...')
#6 C:\Users\Ahmed Aziz\Local Sites\dropshipping\app\public\wp-admin\admin-ajax.php(22): require_once('C:\\Users\\Ahmed ...')
#7 {main}
  thrown in C:\Users\Ahmed Aziz\Local Sites\dropshipping\app\public\wp-content\plugins\dropshipping-automation\src\Admin\DemoModeSettings.php on line 25
[29-Sep-2026 20:03:40 UTC] PHP Fatal error:  Uncaught Error: Call to undefined function DSA\Admin\add_settings_section() in C:\Users\Ahmed Aziz\Local Sites\dropshipping\app\public\wp-content\plugins\dropshipping-automation\src\Admin\DemoModeSettings.php:25
Stack trace:
#0 C:\Users\Ahmed Aziz\Local Sites\dropshipping\app\public\wp-includes\class-wp-hook.php(353): DSA\Admin\DemoModeSettings->register_settings('')
#1 C:\Users\Ahmed Aziz\Local Sites\dropshipping\app\public\wp-includes\class-wp-hook.php(377): WP_Hook->apply_filters(NULL, Array)
#2 C:\Users\Ahmed Aziz\Local Sites\dropshipping\app\public\wp-includes\plugin.php(523): WP_Hook->do_action(Array)
#3 C:\Users\Ahmed Aziz\Local Sites\dropshipping\app\public\wp-settings.php(779): do_action('init')
#4 C:\Users\Ahmed Aziz\Local Sites\dropshipping\app\public\wp-config.php(103): require_once('C:\\Users\\Ahmed ...')
#5 C:\Users\Ahmed Aziz\Local Sites\dropshipping\app\public\wp-load.php(50): require_once('C:\\Users\\Ahmed ...')
#6 C:\Users\Ahmed Aziz\Local Sites\dropshipping\app\public\wp-blog-header.php(13): require_once('C:\\Users\\Ahmed ...')
#7 C:\Users\Ahmed Aziz\Local Sites\dropshipping\app\public\index.php(17): require('C:\\Users\\Ahmed ...')
#8 {main}
  thrown in C:\Users\Ahmed Aziz\Local Sites\dropshipping\app\public\wp-content\plugins\dropshipping-automation\src\Admin\DemoModeSettings.php on line 25
[29-Sep-2026 20:03:44 UTC] PHP Fatal error:  Uncaught Error: Call to undefined function DSA\Admin\add_settings_section() in C:\Users\Ahmed Aziz\Local Sites\dropshipping\app\public\wp-content\plugins\dropshipping-automation\src\Admin\DemoModeSettings.php:25
Stack trace:
#0 C:\Users\Ahmed Aziz\Local Sites\dropshipping\app\public\wp-includes\class-wp-hook.php(353): DSA\Admin\DemoModeSettings->register_settings('')
#1 C:\Users\Ahmed Aziz\Local Sites\dropshipping\app\public\wp-includes\class-wp-hook.php(377): WP_Hook->apply_filters(NULL, Array)
#2 C:\Users\Ahmed Aziz\Local Sites\dropshipping\app\public\wp-includes\plugin.php(523): WP_Hook->do_action(Array)
#3 C:\Users\Ahmed Aziz\Local Sites\dropshipping\app\public\wp-settings.php(779): do_action('init')
#4 C:\Users\Ahmed Aziz\Local Sites\dropshipping\app\public\wp-config.php(103): require_once('C:\\Users\\Ahmed ...')
#5 C:\Users\Ahmed Aziz\Local Sites\dropshipping\app\public\wp-load.php(50): require_once('C:\\Users\\Ahmed ...')
#6 C:\Users\Ahmed Aziz\Local Sites\dropshipping\app\public\wp-admin\admin-ajax.php(22): require_once('C:\\Users\\Ahmed ...')
#7 {main}
  thrown in C:\Users\Ahmed Aziz\Local Sites\dropshipping\app\public\wp-content\plugins\dropshipping-automation\src\Admin\DemoModeSettings.php on line 25
[30-Sep-2026 07:37:01 UTC] PHP Fatal error:  Uncaught TypeError: DSA\REST\DashboardController::__construct(): Argument #1 ($runtime) must be of type DSA\Scheduler\WorkflowRuntime, null given, called in C:\Users\Ahmed Aziz\Local Sites\dropshipping\app\public\wp-content\plugins\dropshipping-automation\src\Plugin.php on line 50 and defined in C:\Users\Ahmed Aziz\Local Sites\dropshipping\app\public\wp-content\plugins\dropshipping-automation\src\REST\DashboardController.php:16
Stack trace:
#0 C:\Users\Ahmed Aziz\Local Sites\dropshipping\app\public\wp-content\plugins\dropshipping-automation\src\Plugin.php(50): DSA\REST\DashboardController->__construct(NULL, Object(DSA\Storage\Repositories\RepositoryFactory))
#1 C:\Users\Ahmed Aziz\Local Sites\dropshipping\app\public\wp-content\plugins\dropshipping-automation\dropshipping-automation.php(23): DSA\Plugin->boot()
#2 C:\Users\Ahmed Aziz\Local Sites\dropshipping\app\public\wp-includes\class-wp-hook.php(353): {closure}('')
#3 C:\Users\Ahmed Aziz\Local Sites\dropshipping\app\public\wp-includes\class-wp-hook.php(377): WP_Hook->apply_filters(NULL, Array)
#4 C:\Users\Ahmed Aziz\Local Sites\dropshipping\app\public\wp-includes\plugin.php(523): WP_Hook->do_action(Array)
#5 C:\Users\Ahmed Aziz\Local Sites\dropshipping\app\public\wp-settings.php(630): do_action('plugins_loaded')
#6 C:\Users\Ahmed Aziz\Local Sites\dropshipping\app\public\wp-config.php(103): require_once('C:\\Users\\Ahmed ...')
#7 C:\Users\Ahmed Aziz\Local Sites\dropshipping\app\public\wp-load.php(50): require_once('C:\\Users\\Ahmed ...')
#8 C:\Users\Ahmed Aziz\Local Sites\dropshipping\app\public\wp-admin\admin-ajax.php(22): require_once('C:\\Users\\Ahmed ...')
#9 {main}
  thrown in C:\Users\Ahmed Aziz\Local Sites\dropshipping\app\public\wp-content\plugins\dropshipping-automation\src\REST\DashboardController.php on line 16
[30-Sep-2026 07:37:19 UTC] PHP Fatal error:  Uncaught TypeError: DSA\REST\DashboardController::__construct(): Argument #1 ($runtime) must be of type DSA\Scheduler\WorkflowRuntime, null given, called in C:\Users\Ahmed Aziz\Local Sites\dropshipping\app\public\wp-content\plugins\dropshipping-automation\src\Plugin.php on line 50 and defined in C:\Users\Ahmed Aziz\Local Sites\dropshipping\app\public\wp-content\plugins\dropshipping-automation\src\REST\DashboardController.php:16
Stack trace:
#0 C:\Users\Ahmed Aziz\Local Sites\dropshipping\app\public\wp-content\plugins\dropshipping-automation\src\Plugin.php(50): DSA\REST\DashboardController->__construct(NULL, Object(DSA\Storage\Repositories\RepositoryFactory))
#1 C:\Users\Ahmed Aziz\Local Sites\dropshipping\app\public\wp-content\plugins\dropshipping-automation\dropshipping-automation.php(23): DSA\Plugin->boot()
#2 C:\Users\Ahmed Aziz\Local Sites\dropshipping\app\public\wp-includes\class-wp-hook.php(353): {closure}('')
#3 C:\Users\Ahmed Aziz\Local Sites\dropshipping\app\public\wp-includes\class-wp-hook.php(377): WP_Hook->apply_filters(NULL, Array)
#4 C:\Users\Ahmed Aziz\Local Sites\dropshipping\app\public\wp-includes\plugin.php(523): WP_Hook->do_action(Array)
#5 C:\Users\Ahmed Aziz\Local Sites\dropshipping\app\public\wp-settings.php(630): do_action('plugins_loaded')
#6 C:\Users\Ahmed Aziz\Local Sites\dropshipping\app\public\wp-config.php(103): require_once('C:\\Users\\Ahmed ...')
#7 C:\Users\Ahmed Aziz\Local Sites\dropshipping\app\public\wp-load.php(50): require_once('C:\\Users\\Ahmed ...')
#8 C:\Users\Ahmed Aziz\Local Sites\dropshipping\app\public\wp-admin\admin-ajax.php(22): require_once('C:\\Users\\Ahmed ...')
#9 {main}
  thrown in C:\Users\Ahmed Aziz\Local Sites\dropshipping\app\public\wp-content\plugins\dropshipping-automation\src\REST\DashboardController.php on line 16
[30-Sep-2026 07:38:03 UTC] PHP Fatal error:  Uncaught TypeError: DSA\REST\DashboardController::__construct(): Argument #1 ($runtime) must be of type DSA\Scheduler\WorkflowRuntime, null given, called in C:\Users\Ahmed Aziz\Local Sites\dropshipping\app\public\wp-content\plugins\dropshipping-automation\src\Plugin.php on line 50 and defined in C:\Users\Ahmed Aziz\Local Sites\dropshipping\app\public\wp-content\plugins\dropshipping-automation\src\REST\DashboardController.php:16
Stack trace:
#0 C:\Users\Ahmed Aziz\Local Sites\dropshipping\app\public\wp-content\plugins\dropshipping-automation\src\Plugin.php(50): DSA\REST\DashboardController->__construct(NULL, Object(DSA\Storage\Repositories\RepositoryFactory))
#1 C:\Users\Ahmed Aziz\Local Sites\dropshipping\app\public\wp-content\plugins\dropshipping-automation\dropshipping-automation.php(23): DSA\Plugin->boot()
#2 C:\Users\Ahmed Aziz\Local Sites\dropshipping\app\public\wp-includes\class-wp-hook.php(353): {closure}('')
#3 C:\Users\Ahmed Aziz\Local Sites\dropshipping\app\public\wp-includes\class-wp-hook.php(377): WP_Hook->apply_filters(NULL, Array)
#4 C:\Users\Ahmed Aziz\Local Sites\dropshipping\app\public\wp-includes\plugin.php(523): WP_Hook->do_action(Array)
#5 C:\Users\Ahmed Aziz\Local Sites\dropshipping\app\public\wp-settings.php(630): do_action('plugins_loaded')
#6 C:\Users\Ahmed Aziz\Local Sites\dropshipping\app\public\wp-config.php(103): require_once('C:\\Users\\Ahmed ...')
#7 C:\Users\Ahmed Aziz\Local Sites\dropshipping\app\public\wp-load.php(50): require_once('C:\\Users\\Ahmed ...')
#8 C:\Users\Ahmed Aziz\Local Sites\dropshipping\app\public\wp-admin\admin-ajax.php(22): require_once('C:\\Users\\Ahmed ...')
#9 {main}
  thrown in C:\Users\Ahmed Aziz\Local Sites\dropshipping\app\public\wp-content\plugins\dropshipping-automation\src\REST\DashboardController.php on line 16
[30-Sep-2026 07:38:03 UTC] PHP Fatal error:  Uncaught TypeError: DSA\REST\DashboardController::__construct(): Argument #1 ($runtime) must be of type DSA\Scheduler\WorkflowRuntime, null given, called in C:\Users\Ahmed Aziz\Local Sites\dropshipping\app\public\wp-content\plugins\dropshipping-automation\src\Plugin.php on line 50 and defined in C:\Users\Ahmed Aziz\Local Sites\dropshipping\app\public\wp-content\plugins\dropshipping-automation\src\REST\DashboardController.php:16
Stack trace:
#0 C:\Users\Ahmed Aziz\Local Sites\dropshipping\app\public\wp-content\plugins\dropshipping-automation\src\Plugin.php(50): DSA\REST\DashboardController->__construct(NULL, Object(DSA\Storage\Repositories\RepositoryFactory))
#1 C:\Users\Ahmed Aziz\Local Sites\dropshipping\app\public\wp-content\plugins\dropshipping-automation\dropshipping-automation.php(23): DSA\Plugin->boot()
#2 C:\Users\Ahmed Aziz\Local Sites\dropshipping\app\public\wp-includes\class-wp-hook.php(353): {closure}('')
#3 C:\Users\Ahmed Aziz\Local Sites\dropshipping\app\public\wp-includes\class-wp-hook.php(377): WP_Hook->apply_filters(NULL, Array)
#4 C:\Users\Ahmed Aziz\Local Sites\dropshipping\app\public\wp-includes\plugin.php(523): WP_Hook->do_action(Array)
#5 C:\Users\Ahmed Aziz\Local Sites\dropshipping\app\public\wp-settings.php(630): do_action('plugins_loaded')
#6 C:\Users\Ahmed Aziz\Local Sites\dropshipping\app\public\wp-config.php(103): require_once('C:\\Users\\Ahmed ...')
#7 C:\Users\Ahmed Aziz\Local Sites\dropshipping\app\public\wp-load.php(50): require_once('C:\\Users\\Ahmed ...')
#8 C:\Users\Ahmed Aziz\Local Sites\dropshipping\app\public\wp-admin\admin-ajax.php(22): require_once('C:\\Users\\Ahmed ...')
#9 {main}
  thrown in C:\Users\Ahmed Aziz\Local Sites\dropshipping\app\public\wp-content\plugins\dropshipping-automation\src\REST\DashboardController.php on line 16
[30-Sep-2026 07:38:04 UTC] PHP Fatal error:  Uncaught TypeError: DSA\REST\DashboardController::__construct(): Argument #1 ($runtime) must be of type DSA\Scheduler\WorkflowRuntime, null given, called in C:\Users\Ahmed Aziz\Local Sites\dropshipping\app\public\wp-content\plugins\dropshipping-automation\src\Plugin.php on line 50 and defined in C:\Users\Ahmed Aziz\Local Sites\dropshipping\app\public\wp-content\plugins\dropshipping-automation\src\REST\DashboardController.php:16
Stack trace:
#0 C:\Users\Ahmed Aziz\Local Sites\dropshipping\app\public\wp-content\plugins\dropshipping-automation\src\Plugin.php(50): DSA\REST\DashboardController->__construct(NULL, Object(DSA\Storage\Repositories\RepositoryFactory))
#1 C:\Users\Ahmed Aziz\Local Sites\dropshipping\app\public\wp-content\plugins\dropshipping-automation\dropshipping-automation.php(23): DSA\Plugin->boot()
#2 C:\Users\Ahmed Aziz\Local Sites\dropshipping\app\public\wp-includes\class-wp-hook.php(353): {closure}('')
#3 C:\Users\Ahmed Aziz\Local Sites\dropshipping\app\public\wp-includes\class-wp-hook.php(377): WP_Hook->apply_filters(NULL, Array)
#4 C:\Users\Ahmed Aziz\Local Sites\dropshipping\app\public\wp-includes\plugin.php(523): WP_Hook->do_action(Array)
#5 C:\Users\Ahmed Aziz\Local Sites\dropshipping\app\public\wp-settings.php(630): do_action('plugins_loaded')
#6 C:\Users\Ahmed Aziz\Local Sites\dropshipping\app\public\wp-config.php(103): require_once('C:\\Users\\Ahmed ...')
#7 C:\Users\Ahmed Aziz\Local Sites\dropshipping\app\public\wp-load.php(50): require_once('C:\\Users\\Ahmed ...')
#8 C:\Users\Ahmed Aziz\Local Sites\dropshipping\app\public\wp-admin\admin-ajax.php(22): require_once('C:\\Users\\Ahmed ...')
#9 {main}
  thrown in C:\Users\Ahmed Aziz\Local Sites\dropshipping\app\public\wp-content\plugins\dropshipping-automation\src\REST\DashboardController.php on line 16
[30-Sep-2026 07:38:04 UTC] PHP Fatal error:  Uncaught TypeError: DSA\REST\DashboardController::__construct(): Argument #1 ($runtime) must be of type DSA\Scheduler\WorkflowRuntime, null given, called in C:\Users\Ahmed Aziz\Local Sites\dropshipping\app\public\wp-content\plugins\dropshipping-automation\src\Plugin.php on line 50 and defined in C:\Users\Ahmed Aziz\Local Sites\dropshipping\app\public\wp-content\plugins\dropshipping-automation\src\REST\DashboardController.php:16
Stack trace:
#0 C:\Users\Ahmed Aziz\Local Sites\dropshipping\app\public\wp-content\plugins\dropshipping-automation\src\Plugin.php(50): DSA\REST\DashboardController->__construct(NULL, Object(DSA\Storage\Repositories\RepositoryFactory))
#1 C:\Users\Ahmed Aziz\Local Sites\dropshipping\app\public\wp-content\plugins\dropshipping-automation\dropshipping-automation.php(23): DSA\Plugin->boot()
#2 C:\Users\Ahmed Aziz\Local Sites\dropshipping\app\public\wp-includes\class-wp-hook.php(353): {closure}('')
#3 C:\Users\Ahmed Aziz\Local Sites\dropshipping\app\public\wp-includes\class-wp-hook.php(377): WP_Hook->apply_filters(NULL, Array)
#4 C:\Users\Ahmed Aziz\Local Sites\dropshipping\app\public\wp-includes\plugin.php(523): WP_Hook->do_action(Array)
#5 C:\Users\Ahmed Aziz\Local Sites\dropshipping\app\public\wp-settings.php(630): do_action('plugins_loaded')
#6 C:\Users\Ahmed Aziz\Local Sites\dropshipping\app\public\wp-config.php(103): require_once('C:\\Users\\Ahmed ...')
#7 C:\Users\Ahmed Aziz\Local Sites\dropshipping\app\public\wp-load.php(50): require_once('C:\\Users\\Ahmed ...')
#8 C:\Users\Ahmed Aziz\Local Sites\dropshipping\app\public\wp-admin\admin-ajax.php(22): require_once('C:\\Users\\Ahmed ...')
#9 {main}
  thrown in C:\Users\Ahmed Aziz\Local Sites\dropshipping\app\public\wp-content\plugins\dropshipping-automation\src\REST\DashboardController.php on line 16
[30-Sep-2026 07:38:04 UTC] PHP Fatal error:  Uncaught TypeError: DSA\REST\DashboardController::__construct(): Argument #1 ($runtime) must be of type DSA\Scheduler\WorkflowRuntime, null given, called in C:\Users\Ahmed Aziz\Local Sites\dropshipping\app\public\wp-content\plugins\dropshipping-automation\src\Plugin.php on line 50 and defined in C:\Users\Ahmed Aziz\Local Sites\dropshipping\app\public\wp-content\plugins\dropshipping-automation\src\REST\DashboardController.php:16
Stack trace:
#0 C:\Users\Ahmed Aziz\Local Sites\dropshipping\app\public\wp-content\plugins\dropshipping-automation\src\Plugin.php(50): DSA\REST\DashboardController->__construct(NULL, Object(DSA\Storage\Repositories\RepositoryFactory))
#1 C:\Users\Ahmed Aziz\Local Sites\dropshipping\app\public\wp-content\plugins\dropshipping-automation\dropshipping-automation.php(23): DSA\Plugin->boot()
#2 C:\Users\Ahmed Aziz\Local Sites\dropshipping\app\public\wp-includes\class-wp-hook.php(353): {closure}('')
#3 C:\Users\Ahmed Aziz\Local Sites\dropshipping\app\public\wp-includes\class-wp-hook.php(377): WP_Hook->apply_filters(NULL, Array)
#4 C:\Users\Ahmed Aziz\Local Sites\dropshipping\app\public\wp-includes\plugin.php(523): WP_Hook->do_action(Array)
#5 C:\Users\Ahmed Aziz\Local Sites\dropshipping\app\public\wp-settings.php(630): do_action('plugins_loaded')
#6 C:\Users\Ahmed Aziz\Local Sites\dropshipping\app\public\wp-config.php(103): require_once('C:\\Users\\Ahmed ...')
#7 C:\Users\Ahmed Aziz\Local Sites\dropshipping\app\public\wp-load.php(50): require_once('C:\\Users\\Ahmed ...')
#8 C:\Users\Ahmed Aziz\Local Sites\dropshipping\app\public\wp-admin\admin-ajax.php(22): require_once('C:\\Users\\Ahmed ...')
#9 {main}
  thrown in C:\Users\Ahmed Aziz\Local Sites\dropshipping\app\public\wp-content\plugins\dropshipping-automation\src\REST\DashboardController.php on line 16
[30-Sep-2026 07:38:04 UTC] PHP Fatal error:  Uncaught TypeError: DSA\REST\DashboardController::__construct(): Argument #1 ($runtime) must be of type DSA\Scheduler\WorkflowRuntime, null given, called in C:\Users\Ahmed Aziz\Local Sites\dropshipping\app\public\wp-content\plugins\dropshipping-automation\src\Plugin.php on line 50 and defined in C:\Users\Ahmed Aziz\Local Sites\dropshipping\app\public\wp-content\plugins\dropshipping-automation\src\REST\DashboardController.php:16
Stack trace:
#0 C:\Users\Ahmed Aziz\Local Sites\dropshipping\app\public\wp-content\plugins\dropshipping-automation\src\Plugin.php(50): DSA\REST\DashboardController->__construct(NULL, Object(DSA\Storage\Repositories\RepositoryFactory))
#1 C:\Users\Ahmed Aziz\Local Sites\dropshipping\app\public\wp-content\plugins\dropshipping-automation\dropshipping-automation.php(23): DSA\Plugin->boot()
#2 C:\Users\Ahmed Aziz\Local Sites\dropshipping\app\public\wp-includes\class-wp-hook.php(353): {closure}('')
#3 C:\Users\Ahmed Aziz\Local Sites\dropshipping\app\public\wp-includes\class-wp-hook.php(377): WP_Hook->apply_filters(NULL, Array)
#4 C:\Users\Ahmed Aziz\Local Sites\dropshipping\app\public\wp-includes\plugin.php(523): WP_Hook->do_action(Array)
#5 C:\Users\Ahmed Aziz\Local Sites\dropshipping\app\public\wp-settings.php(630): do_action('plugins_loaded')
#6 C:\Users\Ahmed Aziz\Local Sites\dropshipping\app\public\wp-config.php(103): require_once('C:\\Users\\Ahmed ...')
#7 C:\Users\Ahmed Aziz\Local Sites\dropshipping\app\public\wp-load.php(50): require_once('C:\\Users\\Ahmed ...')
#8 C:\Users\Ahmed Aziz\Local Sites\dropshipping\app\public\wp-admin\admin-ajax.php(22): require_once('C:\\Users\\Ahmed ...')
#9 {main}
  thrown in C:\Users\Ahmed Aziz\Local Sites\dropshipping\app\public\wp-content\plugins\dropshipping-automation\src\REST\DashboardController.php on line 16
[30-Sep-2026 07:38:04 UTC] PHP Fatal error:  Uncaught TypeError: DSA\REST\DashboardController::__construct(): Argument #1 ($runtime) must be of type DSA\Scheduler\WorkflowRuntime, null given, called in C:\Users\Ahmed Aziz\Local Sites\dropshipping\app\public\wp-content\plugins\dropshipping-automation\src\Plugin.php on line 50 and defined in C:\Users\Ahmed Aziz\Local Sites\dropshipping\app\public\wp-content\plugins\dropshipping-automation\src\REST\DashboardController.php:16
Stack trace:
#0 C:\Users\Ahmed Aziz\Local Sites\dropshipping\app\public\wp-content\plugins\dropshipping-automation\src\Plugin.php(50): DSA\REST\DashboardController->__construct(NULL, Object(DSA\Storage\Repositories\RepositoryFactory))
#1 C:\Users\Ahmed Aziz\Local Sites\dropshipping\app\public\wp-content\plugins\dropshipping-automation\dropshipping-automation.php(23): DSA\Plugin->boot()
#2 C:\Users\Ahmed Aziz\Local Sites\dropshipping\app\public\wp-includes\class-wp-hook.php(353): {closure}('')
#3 C:\Users\Ahmed Aziz\Local Sites\dropshipping\app\public\wp-includes\class-wp-hook.php(377): WP_Hook->apply_filters(NULL, Array)
#4 C:\Users\Ahmed Aziz\Local Sites\dropshipping\app\public\wp-includes\plugin.php(523): WP_Hook->do_action(Array)
#5 C:\Users\Ahmed Aziz\Local Sites\dropshipping\app\public\wp-settings.php(630): do_action('plugins_loaded')
#6 C:\Users\Ahmed Aziz\Local Sites\dropshipping\app\public\wp-config.php(103): require_once('C:\\Users\\Ahmed ...')
#7 C:\Users\Ahmed Aziz\Local Sites\dropshipping\app\public\wp-load.php(50): require_once('C:\\Users\\Ahmed ...')
#8 C:\Users\Ahmed Aziz\Local Sites\dropshipping\app\public\wp-admin\admin-ajax.php(22): require_once('C:\\Users\\Ahmed ...')
#9 {main}
  thrown in C:\Users\Ahmed Aziz\Local Sites\dropshipping\app\public\wp-content\plugins\dropshipping-automation\src\REST\DashboardController.php on line 16
[30-Sep-2026 07:39:54 UTC] PHP Fatal error:  Uncaught DivisionByZeroError: Division by zero in C:\Users\Ahmed Aziz\Local Sites\dropshipping\app\public\wp-content\plugins\dropshipping-automation\src\REST\DashboardController.php:164
Stack trace:
#0 C:\Users\Ahmed Aziz\Local Sites\dropshipping\app\public\wp-content\plugins\dropshipping-automation\src\REST\DashboardController.php(110): DSA\REST\DashboardController->metric(0.0, 0.0, '')
#1 C:\Users\Ahmed Aziz\Local Sites\dropshipping\app\public\wp-content\plugins\dropshipping-automation\src\REST\DashboardController.php(73): DSA\REST\DashboardController->calculate_metrics(Array, Array, Array, Array, Object(DateTimeImmutable), Object(DateTimeImmutable), Object(DateTimeImmutable))
#2 C:\Users\Ahmed Aziz\Local Sites\dropshipping\app\public\wp-includes\rest-api\class-wp-rest-server.php(1293): DSA\REST\DashboardController->get_dashboard(Object(WP_REST_Request))
#3 C:\Users\Ahmed Aziz\Local Sites\dropshipping\app\public\wp-includes\rest-api\class-wp-rest-server.php(1126): WP_REST_Server->respond_to_request(Object(WP_REST_Request), '/dsa/v1/dashboa...', Array, NULL)
#4 C:\Users\Ahmed Aziz\Local Sites\dropshipping\app\public\wp-includes\rest-api\class-wp-rest-server.php(441): WP_REST_Server->dispatch(Object(WP_REST_Request))
#5 C:\Users\Ahmed Aziz\Local Sites\dropshipping\app\public\wp-includes\rest-api.php(488): WP_REST_Server->serve_request('/dsa/v1/dashboa...')
#6 C:\Users\Ahmed Aziz\Local Sites\dropshipping\app\public\wp-includes\class-wp-hook.php(353): rest_api_loaded(Object(WP))
#7 C:\Users\Ahmed Aziz\Local Sites\dropshipping\app\public\wp-includes\class-wp-hook.php(377): WP_Hook->apply_filters('', Array)
#8 C:\Users\Ahmed Aziz\Local Sites\dropshipping\app\public\wp-includes\plugin.php(571): WP_Hook->do_action(Array)
#9 C:\Users\Ahmed Aziz\Local Sites\dropshipping\app\public\wp-includes\class-wp.php(418): do_action_ref_array('parse_request', Array)
#10 C:\Users\Ahmed Aziz\Local Sites\dropshipping\app\public\wp-includes\class-wp.php(822): WP->parse_request('')
#11 C:\Users\Ahmed Aziz\Local Sites\dropshipping\app\public\wp-includes\functions.php(1352): WP->main('')
#12 C:\Users\Ahmed Aziz\Local Sites\dropshipping\app\public\wp-blog-header.php(16): wp()
#13 C:\Users\Ahmed Aziz\Local Sites\dropshipping\app\public\index.php(17): require('C:\\Users\\Ahmed ...')
#14 {main}
  thrown in C:\Users\Ahmed Aziz\Local Sites\dropshipping\app\public\wp-content\plugins\dropshipping-automation\src\REST\DashboardController.php on line 164
[30-Sep-2026 07:40:12 UTC] PHP Fatal error:  Uncaught DivisionByZeroError: Division by zero in C:\Users\Ahmed Aziz\Local Sites\dropshipping\app\public\wp-content\plugins\dropshipping-automation\src\REST\DashboardController.php:164
Stack trace:
#0 C:\Users\Ahmed Aziz\Local Sites\dropshipping\app\public\wp-content\plugins\dropshipping-automation\src\REST\DashboardController.php(110): DSA\REST\DashboardController->metric(0.0, 0.0, '')
#1 C:\Users\Ahmed Aziz\Local Sites\dropshipping\app\public\wp-content\plugins\dropshipping-automation\src\REST\DashboardController.php(73): DSA\REST\DashboardController->calculate_metrics(Array, Array, Array, Array, Object(DateTimeImmutable), Object(DateTimeImmutable), Object(DateTimeImmutable))
#2 C:\Users\Ahmed Aziz\Local Sites\dropshipping\app\public\wp-includes\rest-api\class-wp-rest-server.php(1293): DSA\REST\DashboardController->get_dashboard(Object(WP_REST_Request))
#3 C:\Users\Ahmed Aziz\Local Sites\dropshipping\app\public\wp-includes\rest-api\class-wp-rest-server.php(1126): WP_REST_Server->respond_to_request(Object(WP_REST_Request), '/dsa/v1/dashboa...', Array, NULL)
#4 C:\Users\Ahmed Aziz\Local Sites\dropshipping\app\public\wp-includes\rest-api\class-wp-rest-server.php(441): WP_REST_Server->dispatch(Object(WP_REST_Request))
#5 C:\Users\Ahmed Aziz\Local Sites\dropshipping\app\public\wp-includes\rest-api.php(488): WP_REST_Server->serve_request('/dsa/v1/dashboa...')
#6 C:\Users\Ahmed Aziz\Local Sites\dropshipping\app\public\wp-includes\class-wp-hook.php(353): rest_api_loaded(Object(WP))
#7 C:\Users\Ahmed Aziz\Local Sites\dropshipping\app\public\wp-includes\class-wp-hook.php(377): WP_Hook->apply_filters('', Array)
#8 C:\Users\Ahmed Aziz\Local Sites\dropshipping\app\public\wp-includes\plugin.php(571): WP_Hook->do_action(Array)
#9 C:\Users\Ahmed Aziz\Local Sites\dropshipping\app\public\wp-includes\class-wp.php(418): do_action_ref_array('parse_request', Array)
#10 C:\Users\Ahmed Aziz\Local Sites\dropshipping\app\public\wp-includes\class-wp.php(822): WP->parse_request('')
#11 C:\Users\Ahmed Aziz\Local Sites\dropshipping\app\public\wp-includes\functions.php(1352): WP->main('')
#12 C:\Users\Ahmed Aziz\Local Sites\dropshipping\app\public\wp-blog-header.php(16): wp()
#13 C:\Users\Ahmed Aziz\Local Sites\dropshipping\app\public\index.php(17): require('C:\\Users\\Ahmed ...')
#14 {main}
  thrown in C:\Users\Ahmed Aziz\Local Sites\dropshipping\app\public\wp-content\plugins\dropshipping-automation\src\REST\DashboardController.php on line 164
[01-Oct-2026 10:43:22 UTC] WordPress database error You have an error in your SQL syntax; check the manual that corresponds to your MySQL server version for the right syntax to use near 'rank int(10) unsigned NOT NULL,
			product_title varchar(255) NOT NULL,
			sou' at line 4 for query CREATE TABLE wp_dsa_workflow_results (
			id bigint(20) unsigned NOT NULL AUTO_INCREMENT,
			run_id varchar(191) NOT NULL DEFAULT '',
			rank int(10) unsigned NOT NULL,
			product_title varchar(255) NOT NULL,
			source_platform varchar(32) NOT NULL DEFAULT '',
			search_query text NOT NULL,
			payload_json longtext NOT NULL,
			created_at datetime NOT NULL,
			PRIMARY KEY  (id),
			KEY run_id (run_id),
			KEY created_at (created_at)
		) DEFAULT CHARACTER SET utf8mb4 COLLATE utf8mb4_unicode_520_ci made by require_once('wp-load.php'), require_once('wp-config.php'), require_once('wp-settings.php'), do_action('plugins_loaded'), WP_Hook->do_action, WP_Hook->apply_filters, {closure}, DSA\Plugin->boot, DSA\REST\N8nCallbackController->register, DSA\Integrations\N8nResultsStore->maybe_install, dbDelta
[01-Oct-2026 11:12:17 UTC] WordPress database error Table 'local.wp_woocommerce_attribute_taxonomies' doesn't exist for query SELECT * FROM wp_woocommerce_attribute_taxonomies WHERE attribute_name != '' ORDER BY attribute_name ASC; made by activate_plugin, plugin_sandbox_scrape, include_once('/plugins/woocommerce/woocommerce.php'), WC, WooCommerce::instance, WooCommerce->__construct, WooCommerce->init_hooks, Automattic\WooCommerce\Internal\ProductAttributes\VisualAttributeTermAdmin->register, wc_get_attribute_taxonomies
